// Jest Snapshot v1, https://goo.gl/fbAQLP

exports[`TableDay render TableDay component 1`] = `
<div>
  <h2>
    date
  </h2>
  <table
    className="table-day"
  >
    <tbody />
  </table>
</div>
`;
