// Jest Snapshot v1, https://goo.gl/fbAQLP

exports[`EventDragger render EventDragger component 1`] = `
<div
  className="dragger"
  onClick={[Function]}
  onMouseDown={[Function]}
  onMouseLeave={[Function]}
  onMouseUp={[Function]}
  style={Object {}}
  targetKey=""
/>
`;
