// Jest Snapshot v1, https://goo.gl/fbAQLP

exports[`EventInfoField render EventInfoField component 1`] = `
<div
  className="event-info"
  style={Object {}}
>
  <h5>
    new Event
  </h5>
  <div
    className="row"
  >
    <div
      className="col-sm-12"
    >
      <h6>
        6:29 pm - 6:29 pm
      </h6>
      <h6 />
    </div>
    <div
      className="col-sm-12"
    >
      <h6 />
    </div>
  </div>
</div>
`;
