// Jest Snapshot v1, https://goo.gl/fbAQLP

exports[`ShowMoreField render ShowMoreField component 1`] = `undefined`;
