// Jest Snapshot v1, https://goo.gl/fbAQLP

exports[`EventResizer render EventResizer component 1`] = `
<div
  className="resizer"
  onClick={[Function]}
  onMouseDown={[Function]}
  onMouseLeave={[Function]}
  onMouseUp={[Function]}
  style={Object {}}
  targetKey=""
/>
`;
