// Jest Snapshot v1, https://goo.gl/fbAQLP

exports[`PeriodToggler render PeriodToggler component 1`] = `
<div
  className="btn-group"
  role="group"
>
  <button
    className="btn btn-secondary left-button"
    id="left-button"
    onClick={[Function]}
    type="button"
  >
    <i
      className="fas fa-chevron-left"
    />
  </button>
  <button
    className="btn btn-secondary right-button"
    id="right-button"
    onClick={[Function]}
    type="button"
  >
    <i
      className="fas fa-chevron-right"
    />
  </button>
</div>
`;
